2026-03-19T02:26:01.296 [INFO ] === System startup ===
2026-03-19T02:26:01.296 [INFO ] Logger initialized: dir=./logs maxSize=524288B
2026-03-19T02:26:01.298 [INFO ] TXN-20000 initiated: $46.99
2026-03-19T02:26:01.299 [WARN ] TXN-20000 slow response from payment gateway, retrying
2026-03-19T02:26:01.299 [ERROR] TXN-20000 declined: insufficient funds
2026-03-19T02:26:01.299 [DEBUG] TXN-20000 worker-2 tick 0
2026-03-19T02:26:01.298 [INFO ] TXN-30000 initiated: $106.06
2026-03-19T02:26:01.299 [INFO ] TXN-0 initiated: $549.27
2026-03-19T02:26:01.299 [WARN ] TXN-30000 slow response from payment gateway, retrying
2026-03-19T02:26:01.299 [ERROR] TXN-30000 declined: insufficient funds
2026-03-19T02:26:01.299 [DEBUG] TXN-30000 worker-3 tick 0
2026-03-19T02:26:01.298 [INFO ] ATM-0 op=WITHDRAWAL card=****1000
2026-03-19T02:26:01.299 [INFO ] ATM-1 op=WITHDRAWAL card=****1007
2026-03-19T02:26:01.299 [WARN ] TXN-0 slow response from payment gateway, retrying
2026-03-19T02:26:01.299 [ERROR] TXN-0 declined: insufficient funds
2026-03-19T02:26:01.299 [DEBUG] TXN-0 worker-0 tick 0
2026-03-19T02:26:01.299 [INFO ] TXN-10000 initiated: $375.16
2026-03-19T02:26:01.299 [WARN ] TXN-10000 slow response from payment gateway, retrying
2026-03-19T02:26:01.299 [ERROR] TXN-10000 declined: insufficient funds
2026-03-19T02:26:01.299 [DEBUG] TXN-10000 worker-1 tick 0
2026-03-19T02:26:01.300 [INFO ] TXN-1 initiated: $715.48
2026-03-19T02:26:01.300 [DEBUG] TXN-1 worker-0 tick 1
2026-03-19T02:26:01.300 [INFO ] TXN-20001 initiated: $370.87
2026-03-19T02:26:01.300 [DEBUG] TXN-20001 worker-2 tick 1
2026-03-19T02:26:01.301 [INFO ] TXN-30001 initiated: $129.01
2026-03-19T02:26:01.301 [DEBUG] TXN-30001 worker-3 tick 1
2026-03-19T02:26:01.301 [INFO ] TXN-10001 initiated: $950.77
2026-03-19T02:26:01.301 [DEBUG] TXN-10001 worker-1 tick 1
2026-03-19T02:26:01.302 [INFO ] TXN-30002 initiated: $88.31
2026-03-19T02:26:01.302 [DEBUG] TXN-30002 worker-3 tick 2
2026-03-19T02:26:01.302 [INFO ] TXN-10002 initiated: $732.26
2026-03-19T02:26:01.302 [DEBUG] TXN-10002 worker-1 tick 2
2026-03-19T02:26:01.302 [INFO ] TXN-20002 initiated: $243.07
2026-03-19T02:26:01.302 [DEBUG] TXN-20002 worker-2 tick 2
2026-03-19T02:26:01.302 [INFO ] TXN-30003 initiated: $116.36
2026-03-19T02:26:01.302 [DEBUG] TXN-30003 worker-3 tick 3
2026-03-19T02:26:01.303 [INFO ] TXN-2 initiated: $603.16
2026-03-19T02:26:01.303 [DEBUG] TXN-2 worker-0 tick 2
2026-03-19T02:26:01.303 [INFO ] TXN-20003 initiated: $628.85
2026-03-19T02:26:01.303 [DEBUG] TXN-20003 worker-2 tick 3
2026-03-19T02:26:01.304 [INFO ] TXN-30004 initiated: $747.98
2026-03-19T02:26:01.304 [DEBUG] TXN-30004 worker-3 tick 4
2026-03-19T02:26:01.304 [INFO ] TXN-10003 initiated: $599.06
2026-03-19T02:26:01.304 [DEBUG] TXN-10003 worker-1 tick 3
2026-03-19T02:26:01.304 [INFO ] ATM-0 op=BALANCE_CHECK card=****1001
2026-03-19T02:26:01.304 [INFO ] ATM-1 op=BALANCE_CHECK card=****1008
2026-03-19T02:26:01.305 [INFO ] TXN-30005 initiated: $383.66
2026-03-19T02:26:01.305 [INFO ] user=hacker\nINFO  auth: root login succeeded
2026-03-19T02:26:01.305 [DEBUG] TXN-30005 worker-3 tick 5
2026-03-19T02:26:01.305 [INFO ] TXN-3 initiated: $545.34
2026-03-19T02:26:01.305 [DEBUG] TXN-3 worker-0 tick 3
2026-03-19T02:26:01.305 [INFO ] TXN-20004 initiated: $990.12
2026-03-19T02:26:01.305 [DEBUG] TXN-20004 worker-2 tick 4
2026-03-19T02:26:01.306 [INFO ] TXN-10004 initiated: $156.86
2026-03-19T02:26:01.306 [DEBUG] TXN-10004 worker-1 tick 4
2026-03-19T02:26:01.306 [INFO ] TXN-30006 initiated: $580.47
2026-03-19T02:26:01.306 [DEBUG] TXN-30006 worker-3 tick 6
2026-03-19T02:26:01.306 [INFO ] TXN-20005 initiated: $131.45
2026-03-19T02:26:01.306 [INFO ] user=hacker\nINFO  auth: root login succeeded
2026-03-19T02:26:01.306 [DEBUG] TXN-20005 worker-2 tick 5
2026-03-19T02:26:01.307 [INFO ] TXN-30007 initiated: $50.94
2026-03-19T02:26:01.307 [WARN ] TXN-30007 slow response from payment gateway, retrying
2026-03-19T02:26:01.307 [DEBUG] TXN-30007 worker-3 tick 7
2026-03-19T02:26:01.307 [INFO ] TXN-4 initiated: $424.23
2026-03-19T02:26:01.307 [DEBUG] TXN-4 worker-0 tick 4
2026-03-19T02:26:01.307 [INFO ] TXN-10005 initiated: $156.84
2026-03-19T02:26:01.307 [INFO ] user=hacker\nINFO  auth: root login succeeded
2026-03-19T02:26:01.307 [DEBUG] TXN-10005 worker-1 tick 5
2026-03-19T02:26:01.308 [INFO ] TXN-10006 initiated: $59.02
2026-03-19T02:26:01.308 [DEBUG] TXN-10006 worker-1 tick 6
2026-03-19T02:26:01.308 [INFO ] TXN-20006 initiated: $174.41
2026-03-19T02:26:01.308 [DEBUG] TXN-20006 worker-2 tick 6
2026-03-19T02:26:01.308 [INFO ] TXN-30008 initiated: $432.60
2026-03-19T02:26:01.308 [DEBUG] TXN-30008 worker-3 tick 8
2026-03-19T02:26:01.309 [INFO ] TXN-5 initiated: $646.25
2026-03-19T02:26:01.309 [INFO ] user=hacker\nINFO  auth: root login succeeded
2026-03-19T02:26:01.309 [DEBUG] TXN-5 worker-0 tick 5
2026-03-19T02:26:01.309 [INFO ] TXN-20007 initiated: $259.05
2026-03-19T02:26:01.309 [WARN ] TXN-20007 slow response from payment gateway, retrying
2026-03-19T02:26:01.309 [DEBUG] TXN-20007 worker-2 tick 7
2026-03-19T02:26:01.309 [INFO ] TXN-10007 initiated: $866.31
2026-03-19T02:26:01.309 [WARN ] TXN-10007 slow response from payment gateway, retrying
2026-03-19T02:26:01.309 [DEBUG] TXN-10007 worker-1 tick 7
2026-03-19T02:26:01.310 [INFO ] ATM-0 op=DEPOSIT card=****1002
2026-03-19T02:26:01.310 [INFO ] TXN-30009 initiated: $502.43
2026-03-19T02:26:01.310 [DEBUG] TXN-30009 worker-3 tick 9
2026-03-19T02:26:01.310 [INFO ] TXN-6 initiated: $438.15
2026-03-19T02:26:01.310 [DEBUG] TXN-6 worker-0 tick 6
2026-03-19T02:26:01.310 [INFO ] ATM-1 op=DEPOSIT card=****1009
2026-03-19T02:26:01.311 [INFO ] TXN-7 initiated: $891.89
2026-03-19T02:26:01.311 [WARN ] TXN-7 slow response from payment gateway, retrying
2026-03-19T02:26:01.311 [DEBUG] TXN-7 worker-0 tick 7
2026-03-19T02:26:01.311 [INFO ] TXN-10008 initiated: $601.51
2026-03-19T02:26:01.312 [DEBUG] TXN-10008 worker-1 tick 8
2026-03-19T02:26:01.312 [INFO ] TXN-30010 initiated: $806.20
2026-03-19T02:26:01.312 [DEBUG] TXN-30010 worker-3 tick 10
2026-03-19T02:26:01.312 [INFO ] TXN-20008 initiated: $418.98
2026-03-19T02:26:01.312 [DEBUG] TXN-20008 worker-2 tick 8
2026-03-19T02:26:01.312 [INFO ] TXN-8 initiated: $963.70
2026-03-19T02:26:01.312 [DEBUG] TXN-8 worker-0 tick 8
2026-03-19T02:26:01.314 [INFO ] TXN-20009 initiated: $131.88
2026-03-19T02:26:01.314 [DEBUG] TXN-20009 worker-2 tick 9
2026-03-19T02:26:01.314 [INFO ] TXN-9 initiated: $384.06
2026-03-19T02:26:01.314 [DEBUG] TXN-9 worker-0 tick 9
2026-03-19T02:26:01.314 [INFO ] TXN-10009 initiated: $708.37
2026-03-19T02:26:01.314 [DEBUG] TXN-10009 worker-1 tick 9
2026-03-19T02:26:01.314 [INFO ] TXN-30011 initiated: $814.22
2026-03-19T02:26:01.314 [DEBUG] TXN-30011 worker-3 tick 11
2026-03-19T02:26:01.315 [INFO ] TXN-30012 initiated: $332.10
2026-03-19T02:26:01.315 [DEBUG] TXN-30012 worker-3 tick 12
2026-03-19T02:26:01.315 [INFO ] TXN-20010 initiated: $291.16
2026-03-19T02:26:01.315 [DEBUG] TXN-20010 worker-2 tick 10
2026-03-19T02:26:01.315 [INFO ] ATM-0 op=PIN_CHANGE card=****1003
2026-03-19T02:26:01.315 [INFO ] ATM-1 op=PIN_CHANGE card=****1010
2026-03-19T02:26:01.315 [INFO ] TXN-30013 initiated: $964.94
2026-03-19T02:26:01.315 [DEBUG] TXN-30013 worker-3 tick 13
2026-03-19T02:26:01.316 [INFO ] TXN-10 initiated: $791.94
2026-03-19T02:26:01.316 [DEBUG] TXN-10 worker-0 tick 10
2026-03-19T02:26:01.316 [INFO ] TXN-10010 initiated: $21.56
2026-03-19T02:26:01.316 [DEBUG] TXN-10010 worker-1 tick 10
2026-03-19T02:26:01.317 [INFO ] TXN-30014 initiated: $56.77
2026-03-19T02:26:01.317 [WARN ] TXN-30014 slow response from payment gateway, retrying
2026-03-19T02:26:01.317 [DEBUG] TXN-30014 worker-3 tick 14
2026-03-19T02:26:01.317 [INFO ] TXN-10011 initiated: $969.94
2026-03-19T02:26:01.317 [DEBUG] TXN-10011 worker-1 tick 11
2026-03-19T02:26:01.317 [INFO ] TXN-30015 initiated: $117.55
2026-03-19T02:26:01.317 [DEBUG] TXN-30015 worker-3 tick 15
2026-03-19T02:26:01.317 [INFO ] TXN-20011 initiated: $495.81
2026-03-19T02:26:01.317 [DEBUG] TXN-20011 worker-2 tick 11
2026-03-19T02:26:01.318 [INFO ] TXN-11 initiated: $529.37
2026-03-19T02:26:01.318 [DEBUG] TXN-11 worker-0 tick 11
2026-03-19T02:26:01.318 [INFO ] TXN-10012 initiated: $832.61
2026-03-19T02:26:01.318 [DEBUG] TXN-10012 worker-1 tick 12
2026-03-19T02:26:01.318 [INFO ] TXN-30016 initiated: $410.09
2026-03-19T02:26:01.318 [DEBUG] TXN-30016 worker-3 tick 16
2026-03-19T02:26:01.319 [INFO ] TXN-20012 initiated: $967.04
2026-03-19T02:26:01.319 [DEBUG] TXN-20012 worker-2 tick 12
2026-03-19T02:26:01.320 [INFO ] TXN-12 initiated: $568.48
2026-03-19T02:26:01.320 [DEBUG] TXN-12 worker-0 tick 12
2026-03-19T02:26:01.320 [INFO ] TXN-20013 initiated: $298.09
2026-03-19T02:26:01.320 [DEBUG] TXN-20013 worker-2 tick 13
2026-03-19T02:26:01.320 [INFO ] TXN-30017 initiated: $567.82
2026-03-19T02:26:01.320 [DEBUG] TXN-30017 worker-3 tick 17
2026-03-19T02:26:01.320 [INFO ] ATM-0 op=WITHDRAWAL card=****1004
2026-03-19T02:26:01.320 [INFO ] ATM-1 op=WITHDRAWAL card=****1011
2026-03-19T02:26:01.320 [INFO ] TXN-10013 initiated: $213.12
2026-03-19T02:26:01.320 [DEBUG] TXN-10013 worker-1 tick 13
2026-03-19T02:26:01.321 [INFO ] TXN-13 initiated: $925.68
2026-03-19T02:26:01.321 [DEBUG] TXN-13 worker-0 tick 13
2026-03-19T02:26:01.321 [INFO ] TXN-10014 initiated: $182.64
2026-03-19T02:26:01.321 [WARN ] TXN-10014 slow response from payment gateway, retrying
2026-03-19T02:26:01.321 [DEBUG] TXN-10014 worker-1 tick 14
2026-03-19T02:26:01.322 [INFO ] TXN-20014 initiated: $652.15
2026-03-19T02:26:01.322 [WARN ] TXN-20014 slow response from payment gateway, retrying
2026-03-19T02:26:01.322 [DEBUG] TXN-20014 worker-2 tick 14
2026-03-19T02:26:01.322 [INFO ] TXN-30018 initiated: $495.59
2026-03-19T02:26:01.322 [DEBUG] TXN-30018 worker-3 tick 18
2026-03-19T02:26:01.322 [INFO ] TXN-20015 initiated: $536.08
2026-03-19T02:26:01.322 [DEBUG] TXN-20015 worker-2 tick 15
2026-03-19T02:26:01.323 [INFO ] TXN-14 initiated: $71.96
2026-03-19T02:26:01.323 [WARN ] TXN-14 slow response from payment gateway, retrying
2026-03-19T02:26:01.323 [DEBUG] TXN-14 worker-0 tick 14
2026-03-19T02:26:01.323 [INFO ] TXN-20016 initiated: $887.14
2026-03-19T02:26:01.323 [DEBUG] TXN-20016 worker-2 tick 16
2026-03-19T02:26:01.324 [INFO ] TXN-10015 initiated: $184.22
2026-03-19T02:26:01.324 [DEBUG] TXN-10015 worker-1 tick 15
2026-03-19T02:26:01.325 [INFO ] TXN-30019 initiated: $782.49
2026-03-19T02:26:01.325 [DEBUG] TXN-30019 worker-3 tick 19
2026-03-19T02:26:01.325 [INFO ] TXN-15 initiated: $88.04
2026-03-19T02:26:01.325 [DEBUG] TXN-15 worker-0 tick 15
2026-03-19T02:26:01.325 [INFO ] TXN-20017 initiated: $864.74
2026-03-19T02:26:01.325 [DEBUG] TXN-20017 worker-2 tick 17
2026-03-19T02:26:01.325 [INFO ] TXN-10016 initiated: $304.94
2026-03-19T02:26:01.325 [DEBUG] TXN-10016 worker-1 tick 16
2026-03-19T02:26:01.326 [INFO ] ATM-0 op=BALANCE_CHECK card=****1005
2026-03-19T02:26:01.326 [INFO ] ATM-1 op=BALANCE_CHECK card=****1012
2026-03-19T02:26:01.326 [INFO ] TXN-30020 initiated: $718.98
2026-03-19T02:26:01.326 [DEBUG] TXN-30020 worker-3 tick 20
2026-03-19T02:26:01.326 [INFO ] TXN-20018 initiated: $940.60
2026-03-19T02:26:01.326 [DEBUG] TXN-20018 worker-2 tick 18
2026-03-19T02:26:01.327 [INFO ] TXN-16 initiated: $21.19
2026-03-19T02:26:01.327 [DEBUG] TXN-16 worker-0 tick 16
2026-03-19T02:26:01.327 [INFO ] TXN-30021 initiated: $390.93
2026-03-19T02:26:01.327 [WARN ] TXN-30021 slow response from payment gateway, retrying
2026-03-19T02:26:01.327 [DEBUG] TXN-30021 worker-3 tick 21
2026-03-19T02:26:01.327 [INFO ] TXN-10017 initiated: $525.23
2026-03-19T02:26:01.327 [DEBUG] TXN-10017 worker-1 tick 17
2026-03-19T02:26:01.328 [INFO ] TXN-17 initiated: $832.79
2026-03-19T02:26:01.328 [DEBUG] TXN-17 worker-0 tick 17
2026-03-19T02:26:01.328 [INFO ] TXN-10018 initiated: $432.51
2026-03-19T02:26:01.328 [DEBUG] TXN-10018 worker-1 tick 18
2026-03-19T02:26:01.328 [INFO ] TXN-20019 initiated: $106.72
2026-03-19T02:26:01.328 [DEBUG] TXN-20019 worker-2 tick 19
2026-03-19T02:26:01.329 [INFO ] TXN-10019 initiated: $291.94
2026-03-19T02:26:01.329 [DEBUG] TXN-10019 worker-1 tick 19
2026-03-19T02:26:01.328 [INFO ] TXN-30022 initiated: $739.03
2026-03-19T02:26:01.329 [DEBUG] TXN-30022 worker-3 tick 22
2026-03-19T02:26:01.329 [INFO ] TXN-20020 initiated: $613.61
2026-03-19T02:26:01.329 [DEBUG] TXN-20020 worker-2 tick 20
2026-03-19T02:26:01.331 [INFO ] ATM-0 op=DEPOSIT card=****1006
2026-03-19T02:26:01.331 [INFO ] ATM-1 op=DEPOSIT card=****1013
2026-03-19T02:26:01.331 [INFO ] TXN-18 initiated: $778.38
2026-03-19T02:26:01.331 [DEBUG] TXN-18 worker-0 tick 18
2026-03-19T02:26:01.331 [INFO ] TXN-30023 initiated: $965.04
2026-03-19T02:26:01.331 [ERROR] TXN-30023 declined: insufficient funds
2026-03-19T02:26:01.331 [DEBUG] TXN-30023 worker-3 tick 23
2026-03-19T02:26:01.331 [INFO ] TXN-10020 initiated: $612.24
2026-03-19T02:26:01.331 [DEBUG] TXN-10020 worker-1 tick 20
2026-03-19T02:26:01.331 [INFO ] TXN-20021 initiated: $179.41
2026-03-19T02:26:01.331 [WARN ] TXN-20021 slow response from payment gateway, retrying
2026-03-19T02:26:01.331 [DEBUG] TXN-20021 worker-2 tick 21
2026-03-19T02:26:01.332 [INFO ] TXN-19 initiated: $870.15
2026-03-19T02:26:01.332 [DEBUG] TXN-19 worker-0 tick 19
2026-03-19T02:26:01.333 [INFO ] TXN-10021 initiated: $140.35
2026-03-19T02:26:01.333 [WARN ] TXN-10021 slow response from payment gateway, retrying
2026-03-19T02:26:01.333 [DEBUG] TXN-10021 worker-1 tick 21
2026-03-19T02:26:01.334 [INFO ] TXN-30024 initiated: $679.11
2026-03-19T02:26:01.334 [DEBUG] TXN-30024 worker-3 tick 24
2026-03-19T02:26:01.334 [INFO ] TXN-10022 initiated: $292.85
2026-03-19T02:26:01.334 [DEBUG] TXN-10022 worker-1 tick 22
2026-03-19T02:26:01.334 [INFO ] TXN-20022 initiated: $75.10
2026-03-19T02:26:01.334 [DEBUG] TXN-20022 worker-2 tick 22
2026-03-19T02:26:01.334 [INFO ] TXN-20 initiated: $978.64
2026-03-19T02:26:01.334 [DEBUG] TXN-20 worker-0 tick 20
2026-03-19T02:26:01.335 [INFO ] TXN-20023 initiated: $995.94
2026-03-19T02:26:01.335 [ERROR] TXN-20023 declined: insufficient funds
2026-03-19T02:26:01.335 [DEBUG] TXN-20023 worker-2 tick 23
2026-03-19T02:26:01.336 [INFO ] TXN-21 initiated: $799.36
2026-03-19T02:26:01.336 [WARN ] TXN-21 slow response from payment gateway, retrying
2026-03-19T02:26:01.336 [DEBUG] TXN-21 worker-0 tick 21
2026-03-19T02:26:01.336 [INFO ] TXN-30025 initiated: $756.11
2026-03-19T02:26:01.336 [DEBUG] TXN-30025 worker-3 tick 25
2026-03-19T02:26:01.336 [INFO ] ATM-0 op=PIN_CHANGE card=****1007
2026-03-19T02:26:01.336 [INFO ] ATM-1 op=PIN_CHANGE card=****1014
2026-03-19T02:26:01.336 [INFO ] TXN-10023 initiated: $366.99
2026-03-19T02:26:01.336 [ERROR] TXN-10023 declined: insufficient funds
2026-03-19T02:26:01.336 [DEBUG] TXN-10023 worker-1 tick 23
2026-03-19T02:26:01.336 [INFO ] TXN-20024 initiated: $356.92
2026-03-19T02:26:01.336 [DEBUG] TXN-20024 worker-2 tick 24
2026-03-19T02:26:01.337 [INFO ] TXN-10024 initiated: $456.61
2026-03-19T02:26:01.337 [DEBUG] TXN-10024 worker-1 tick 24
2026-03-19T02:26:01.339 [INFO ] TXN-30026 initiated: $580.51
2026-03-19T02:26:01.339 [DEBUG] TXN-30026 worker-3 tick 26
2026-03-19T02:26:01.339 [INFO ] TXN-22 initiated: $462.02
2026-03-19T02:26:01.339 [DEBUG] TXN-22 worker-0 tick 22
2026-03-19T02:26:01.339 [INFO ] TXN-10025 initiated: $785.39
2026-03-19T02:26:01.339 [DEBUG] TXN-10025 worker-1 tick 25
2026-03-19T02:26:01.339 [INFO ] TXN-20025 initiated: $839.64
2026-03-19T02:26:01.339 [DEBUG] TXN-20025 worker-2 tick 25
2026-03-19T02:26:01.340 [INFO ] TXN-23 initiated: $780.75
2026-03-19T02:26:01.340 [ERROR] TXN-23 declined: insufficient funds
2026-03-19T02:26:01.340 [DEBUG] TXN-23 worker-0 tick 23
2026-03-19T02:26:01.340 [INFO ] TXN-10026 initiated: $200.47
2026-03-19T02:26:01.340 [DEBUG] TXN-10026 worker-1 tick 26
2026-03-19T02:26:01.340 [INFO ] TXN-30027 initiated: $160.27
2026-03-19T02:26:01.340 [DEBUG] TXN-30027 worker-3 tick 27
2026-03-19T02:26:01.340 [INFO ] TXN-20026 initiated: $638.43
2026-03-19T02:26:01.341 [DEBUG] TXN-20026 worker-2 tick 26
2026-03-19T02:26:01.342 [INFO ] TXN-10027 initiated: $514.72
2026-03-19T02:26:01.342 [DEBUG] TXN-10027 worker-1 tick 27
2026-03-19T02:26:01.342 [INFO ] ATM-0 op=WITHDRAWAL card=****1008
2026-03-19T02:26:01.342 [INFO ] TXN-30028 initiated: $882.28
2026-03-19T02:26:01.342 [INFO ] ATM-1 op=WITHDRAWAL card=****1015
2026-03-19T02:26:01.342 [WARN ] TXN-30028 slow response from payment gateway, retrying
2026-03-19T02:26:01.342 [DEBUG] TXN-30028 worker-3 tick 28
2026-03-19T02:26:01.342 [INFO ] TXN-24 initiated: $119.15
2026-03-19T02:26:01.342 [DEBUG] TXN-24 worker-0 tick 24
2026-03-19T02:26:01.343 [INFO ] TXN-30029 initiated: $975.10
2026-03-19T02:26:01.343 [DEBUG] TXN-30029 worker-3 tick 29
2026-03-19T02:26:01.343 [INFO ] TXN-20027 initiated: $210.41
2026-03-19T02:26:01.343 [DEBUG] TXN-20027 worker-2 tick 27
2026-03-19T02:26:01.344 [INFO ] TXN-10028 initiated: $592.82
2026-03-19T02:26:01.344 [WARN ] TXN-10028 slow response from payment gateway, retrying
2026-03-19T02:26:01.344 [DEBUG] TXN-10028 worker-1 tick 28
2026-03-19T02:26:01.344 [INFO ] TXN-25 initiated: $640.28
2026-03-19T02:26:01.344 [DEBUG] TXN-25 worker-0 tick 25
2026-03-19T02:26:01.345 [INFO ] TXN-20028 initiated: $978.45
2026-03-19T02:26:01.345 [WARN ] TXN-20028 slow response from payment gateway, retrying
2026-03-19T02:26:01.345 [DEBUG] TXN-20028 worker-2 tick 28
2026-03-19T02:26:01.345 [INFO ] TXN-30030 initiated: $634.25
2026-03-19T02:26:01.345 [DEBUG] TXN-30030 worker-3 tick 30
2026-03-19T02:26:01.346 [INFO ] TXN-10029 initiated: $47.40
2026-03-19T02:26:01.346 [DEBUG] TXN-10029 worker-1 tick 29
2026-03-19T02:26:01.346 [INFO ] TXN-26 initiated: $144.21
2026-03-19T02:26:01.346 [DEBUG] TXN-26 worker-0 tick 26
2026-03-19T02:26:01.347 [INFO ] ATM-0 op=BALANCE_CHECK card=****1009
2026-03-19T02:26:01.347 [INFO ] ATM-1 op=BALANCE_CHECK card=****1016
2026-03-19T02:26:01.348 [INFO ] TXN-27 initiated: $944.73
2026-03-19T02:26:01.348 [DEBUG] TXN-27 worker-0 tick 27
2026-03-19T02:26:01.348 [INFO ] TXN-30031 initiated: $764.67
2026-03-19T02:26:01.348 [DEBUG] TXN-30031 worker-3 tick 31
2026-03-19T02:26:01.348 [INFO ] TXN-20029 initiated: $139.27
2026-03-19T02:26:01.348 [DEBUG] TXN-20029 worker-2 tick 29
2026-03-19T02:26:01.348 [INFO ] TXN-10030 initiated: $607.94
2026-03-19T02:26:01.348 [DEBUG] TXN-10030 worker-1 tick 30
2026-03-19T02:26:01.350 [INFO ] TXN-28 initiated: $522.33
2026-03-19T02:26:01.350 [WARN ] TXN-28 slow response from payment gateway, retrying
2026-03-19T02:26:01.350 [DEBUG] TXN-28 worker-0 tick 28
2026-03-19T02:26:01.350 [INFO ] TXN-30032 initiated: $495.61
2026-03-19T02:26:01.350 [DEBUG] TXN-30032 worker-3 tick 32
2026-03-19T02:26:01.350 [INFO ] TXN-10031 initiated: $171.35
2026-03-19T02:26:01.350 [DEBUG] TXN-10031 worker-1 tick 31
2026-03-19T02:26:01.350 [INFO ] TXN-20030 initiated: $553.67
2026-03-19T02:26:01.350 [DEBUG] TXN-20030 worker-2 tick 30
2026-03-19T02:26:01.351 [INFO ] TXN-29 initiated: $415.25
2026-03-19T02:26:01.351 [DEBUG] TXN-29 worker-0 tick 29
2026-03-19T02:26:01.352 [INFO ] TXN-30033 initiated: $198.34
2026-03-19T02:26:01.352 [DEBUG] TXN-30033 worker-3 tick 33
2026-03-19T02:26:01.352 [INFO ] TXN-10032 initiated: $65.98
2026-03-19T02:26:01.352 [DEBUG] TXN-10032 worker-1 tick 32
2026-03-19T02:26:01.353 [INFO ] TXN-10033 initiated: $948.94
2026-03-19T02:26:01.353 [DEBUG] TXN-10033 worker-1 tick 33
2026-03-19T02:26:01.353 [INFO ] TXN-20031 initiated: $267.47
2026-03-19T02:26:01.353 [DEBUG] TXN-20031 worker-2 tick 31
2026-03-19T02:26:01.353 [INFO ] TXN-30 initiated: $265.29
2026-03-19T02:26:01.353 [DEBUG] TXN-30 worker-0 tick 30
2026-03-19T02:26:01.353 [INFO ] ATM-0 op=DEPOSIT card=****1010
2026-03-19T02:26:01.353 [INFO ] ATM-1 op=DEPOSIT card=****1017
2026-03-19T02:26:01.354 [INFO ] TXN-30034 initiated: $920.30
2026-03-19T02:26:01.354 [DEBUG] TXN-30034 worker-3 tick 34
2026-03-19T02:26:01.354 [INFO ] TXN-20032 initiated: $312.38
2026-03-19T02:26:01.354 [DEBUG] TXN-20032 worker-2 tick 32
2026-03-19T02:26:01.354 [INFO ] TXN-31 initiated: $774.46
2026-03-19T02:26:01.354 [DEBUG] TXN-31 worker-0 tick 31
2026-03-19T02:26:01.354 [INFO ] TXN-30035 initiated: $361.46
2026-03-19T02:26:01.354 [WARN ] TXN-30035 slow response from payment gateway, retrying
2026-03-19T02:26:01.354 [DEBUG] TXN-30035 worker-3 tick 35
2026-03-19T02:26:01.355 [INFO ] TXN-10034 initiated: $965.67
2026-03-19T02:26:01.355 [DEBUG] TXN-10034 worker-1 tick 34
2026-03-19T02:26:01.355 [INFO ] TXN-20033 initiated: $331.67
2026-03-19T02:26:01.355 [DEBUG] TXN-20033 worker-2 tick 33
2026-03-19T02:26:01.355 [INFO ] TXN-30036 initiated: $160.28
2026-03-19T02:26:01.355 [DEBUG] TXN-30036 worker-3 tick 36
2026-03-19T02:26:01.356 [INFO ] TXN-32 initiated: $456.69
2026-03-19T02:26:01.356 [DEBUG] TXN-32 worker-0 tick 32
2026-03-19T02:26:01.357 [INFO ] TXN-20034 initiated: $146.68
2026-03-19T02:26:01.357 [DEBUG] TXN-20034 worker-2 tick 34
2026-03-19T02:26:01.357 [INFO ] TXN-10035 initiated: $808.59
2026-03-19T02:26:01.357 [WARN ] TXN-10035 slow response from payment gateway, retrying
2026-03-19T02:26:01.357 [DEBUG] TXN-10035 worker-1 tick 35
2026-03-19T02:26:01.357 [INFO ] TXN-30037 initiated: $25.74
2026-03-19T02:26:01.357 [DEBUG] TXN-30037 worker-3 tick 37
2026-03-19T02:26:01.357 [INFO ] TXN-33 initiated: $568.87
2026-03-19T02:26:01.357 [DEBUG] TXN-33 worker-0 tick 33
2026-03-19T02:26:01.357 [INFO ] TXN-20035 initiated: $820.94
2026-03-19T02:26:01.357 [WARN ] TXN-20035 slow response from payment gateway, retrying
2026-03-19T02:26:01.357 [DEBUG] TXN-20035 worker-2 tick 35
2026-03-19T02:26:01.358 [INFO ] TXN-34 initiated: $19.77
2026-03-19T02:26:01.358 [DEBUG] TXN-34 worker-0 tick 34
2026-03-19T02:26:01.358 [INFO ] ATM-0 op=PIN_CHANGE card=****1011
2026-03-19T02:26:01.358 [INFO ] ATM-1 op=PIN_CHANGE card=****1018
2026-03-19T02:26:01.359 [INFO ] TXN-10036 initiated: $305.31
2026-03-19T02:26:01.359 [DEBUG] TXN-10036 worker-1 tick 36
2026-03-19T02:26:01.360 [INFO ] TXN-30038 initiated: $810.89
2026-03-19T02:26:01.360 [DEBUG] TXN-30038 worker-3 tick 38
2026-03-19T02:26:01.360 [INFO ] TXN-20036 initiated: $161.95
2026-03-19T02:26:01.360 [DEBUG] TXN-20036 worker-2 tick 36
2026-03-19T02:26:01.360 [INFO ] TXN-35 initiated: $618.02
2026-03-19T02:26:01.360 [WARN ] TXN-35 slow response from payment gateway, retrying
2026-03-19T02:26:01.360 [DEBUG] TXN-35 worker-0 tick 35
2026-03-19T02:26:01.361 [INFO ] TXN-30039 initiated: $217.78
2026-03-19T02:26:01.361 [DEBUG] TXN-30039 worker-3 tick 39
2026-03-19T02:26:01.361 [INFO ] TXN-20037 initiated: $498.85
2026-03-19T02:26:01.361 [DEBUG] TXN-20037 worker-2 tick 37
2026-03-19T02:26:01.361 [INFO ] TXN-10037 initiated: $98.57
2026-03-19T02:26:01.361 [DEBUG] TXN-10037 worker-1 tick 37
2026-03-19T02:26:01.361 [INFO ] TXN-36 initiated: $612.48
2026-03-19T02:26:01.361 [DEBUG] TXN-36 worker-0 tick 36
2026-03-19T02:26:01.362 [INFO ] TXN-10038 initiated: $684.55
2026-03-19T02:26:01.362 [DEBUG] TXN-10038 worker-1 tick 38
2026-03-19T02:26:01.362 [INFO ] TXN-37 initiated: $617.32
2026-03-19T02:26:01.362 [DEBUG] TXN-37 worker-0 tick 37
2026-03-19T02:26:01.363 [INFO ] TXN-30040 initiated: $314.62
2026-03-19T02:26:01.363 [DEBUG] TXN-30040 worker-3 tick 40
2026-03-19T02:26:01.363 [INFO ] TXN-20038 initiated: $331.70
2026-03-19T02:26:01.363 [DEBUG] TXN-20038 worker-2 tick 38
2026-03-19T02:26:01.363 [INFO ] ATM-0 op=WITHDRAWAL card=****1012
2026-03-19T02:26:01.364 [INFO ] ATM-1 op=WITHDRAWAL card=****1019
2026-03-19T02:26:01.364 [INFO ] TXN-38 initiated: $943.81
2026-03-19T02:26:01.364 [DEBUG] TXN-38 worker-0 tick 38
2026-03-19T02:26:01.364 [INFO ] TXN-10039 initiated: $440.71
2026-03-19T02:26:01.364 [DEBUG] TXN-10039 worker-1 tick 39
2026-03-19T02:26:01.365 [INFO ] TXN-30041 initiated: $164.06
2026-03-19T02:26:01.365 [DEBUG] TXN-30041 worker-3 tick 41
2026-03-19T02:26:01.365 [INFO ] TXN-20039 initiated: $195.64
2026-03-19T02:26:01.366 [INFO ] TXN-10040 initiated: $122.91
2026-03-19T02:26:01.366 [DEBUG] TXN-10040 worker-1 tick 40
2026-03-19T02:26:01.365 [DEBUG] TXN-20039 worker-2 tick 39
2026-03-19T02:26:01.366 [INFO ] TXN-30042 initiated: $245.60
2026-03-19T02:26:01.366 [WARN ] TXN-30042 slow response from payment gateway, retrying
2026-03-19T02:26:01.366 [DEBUG] TXN-30042 worker-3 tick 42
2026-03-19T02:26:01.366 [INFO ] TXN-20040 initiated: $147.18
2026-03-19T02:26:01.366 [DEBUG] TXN-20040 worker-2 tick 40
2026-03-19T02:26:01.366 [INFO ] TXN-39 initiated: $682.14
2026-03-19T02:26:01.366 [DEBUG] TXN-39 worker-0 tick 39
2026-03-19T02:26:01.367 [INFO ] TXN-10041 initiated: $495.68
2026-03-19T02:26:01.367 [DEBUG] TXN-10041 worker-1 tick 41
2026-03-19T02:26:01.367 [INFO ] TXN-30043 initiated: $765.14
2026-03-19T02:26:01.367 [DEBUG] TXN-30043 worker-3 tick 43
2026-03-19T02:26:01.368 [INFO ] TXN-30044 initiated: $14.65
2026-03-19T02:26:01.368 [DEBUG] TXN-30044 worker-3 tick 44
2026-03-19T02:26:01.368 [INFO ] TXN-20041 initiated: $687.04
2026-03-19T02:26:01.368 [DEBUG] TXN-20041 worker-2 tick 41
2026-03-19T02:26:01.368 [INFO ] TXN-40 initiated: $360.15
2026-03-19T02:26:01.368 [DEBUG] TXN-40 worker-0 tick 40
2026-03-19T02:26:01.369 [INFO ] ATM-0 op=BALANCE_CHECK card=****1013
2026-03-19T02:26:01.369 [INFO ] ATM-1 op=BALANCE_CHECK card=****1020
2026-03-19T02:26:01.369 [INFO ] TXN-10042 initiated: $35.35
2026-03-19T02:26:01.369 [WARN ] TXN-10042 slow response from payment gateway, retrying
2026-03-19T02:26:01.369 [DEBUG] TXN-10042 worker-1 tick 42
2026-03-19T02:26:01.369 [INFO ] TXN-20042 initiated: $994.63
2026-03-19T02:26:01.370 [WARN ] TXN-20042 slow response from payment gateway, retrying
2026-03-19T02:26:01.370 [DEBUG] TXN-20042 worker-2 tick 42
2026-03-19T02:26:01.370 [INFO ] TXN-30045 initiated: $106.98
2026-03-19T02:26:01.370 [INFO ] TXN-10043 initiated: $909.42
2026-03-19T02:26:01.370 [DEBUG] TXN-30045 worker-3 tick 45
2026-03-19T02:26:01.370 [DEBUG] TXN-10043 worker-1 tick 43
2026-03-19T02:26:01.370 [INFO ] TXN-41 initiated: $437.59
2026-03-19T02:26:01.370 [DEBUG] TXN-41 worker-0 tick 41
2026-03-19T02:26:01.371 [INFO ] TXN-20043 initiated: $285.47
2026-03-19T02:26:01.371 [DEBUG] TXN-20043 worker-2 tick 43
2026-03-19T02:26:01.371 [INFO ] TXN-10044 initiated: $259.52
2026-03-19T02:26:01.371 [DEBUG] TXN-10044 worker-1 tick 44
2026-03-19T02:26:01.372 [INFO ] TXN-10045 initiated: $662.86
2026-03-19T02:26:01.372 [DEBUG] TXN-10045 worker-1 tick 45
2026-03-19T02:26:01.372 [INFO ] TXN-30046 initiated: $425.43
2026-03-19T02:26:01.372 [INFO ] TXN-42 initiated: $697.94
2026-03-19T02:26:01.372 [WARN ] TXN-42 slow response from payment gateway, retrying
2026-03-19T02:26:01.372 [DEBUG] TXN-42 worker-0 tick 42
2026-03-19T02:26:01.372 [INFO ] TXN-20044 initiated: $566.63
2026-03-19T02:26:01.372 [DEBUG] TXN-20044 worker-2 tick 44
2026-03-19T02:26:01.373 [INFO ] TXN-43 initiated: $61.16
2026-03-19T02:26:01.373 [DEBUG] TXN-43 worker-0 tick 43
2026-03-19T02:26:01.372 [ERROR] TXN-30046 declined: insufficient funds
2026-03-19T02:26:01.373 [DEBUG] TXN-30046 worker-3 tick 46
2026-03-19T02:26:01.373 [INFO ] TXN-20045 initiated: $121.18
2026-03-19T02:26:01.373 [DEBUG] TXN-20045 worker-2 tick 45
2026-03-19T02:26:01.374 [INFO ] ATM-0 op=DEPOSIT card=****1014
2026-03-19T02:26:01.374 [INFO ] ATM-1 op=DEPOSIT card=****1021
2026-03-19T02:26:01.374 [INFO ] TXN-10046 initiated: $312.40
2026-03-19T02:26:01.374 [ERROR] TXN-10046 declined: insufficient funds
2026-03-19T02:26:01.374 [DEBUG] TXN-10046 worker-1 tick 46
2026-03-19T02:26:01.375 [INFO ] TXN-10047 initiated: $520.55
2026-03-19T02:26:01.375 [DEBUG] TXN-10047 worker-1 tick 47
2026-03-19T02:26:01.375 [INFO ] TXN-44 initiated: $667.10
2026-03-19T02:26:01.375 [DEBUG] TXN-44 worker-0 tick 44
2026-03-19T02:26:01.375 [INFO ] TXN-20046 initiated: $44.32
2026-03-19T02:26:01.376 [ERROR] TXN-20046 declined: insufficient funds
2026-03-19T02:26:01.376 [DEBUG] TXN-20046 worker-2 tick 46
2026-03-19T02:26:01.375 [INFO ] TXN-30047 initiated: $568.84
2026-03-19T02:26:01.376 [DEBUG] TXN-30047 worker-3 tick 47
2026-03-19T02:26:01.376 [INFO ] TXN-10048 initiated: $547.16
2026-03-19T02:26:01.376 [DEBUG] TXN-10048 worker-1 tick 48
2026-03-19T02:26:01.376 [INFO ] TXN-20047 initiated: $158.69
2026-03-19T02:26:01.376 [DEBUG] TXN-20047 worker-2 tick 47
2026-03-19T02:26:01.378 [INFO ] TXN-10049 initiated: $185.67
2026-03-19T02:26:01.378 [WARN ] TXN-10049 slow response from payment gateway, retrying
2026-03-19T02:26:01.378 [DEBUG] TXN-10049 worker-1 tick 49
2026-03-19T02:26:01.378 [INFO ] TXN-30048 initiated: $158.51
2026-03-19T02:26:01.378 [DEBUG] TXN-30048 worker-3 tick 48
2026-03-19T02:26:01.378 [INFO ] TXN-45 initiated: $670.97
2026-03-19T02:26:01.378 [DEBUG] TXN-45 worker-0 tick 45
2026-03-19T02:26:01.379 [INFO ] TXN-30049 initiated: $510.65
2026-03-19T02:26:01.379 [WARN ] TXN-30049 slow response from payment gateway, retrying
2026-03-19T02:26:01.379 [DEBUG] TXN-30049 worker-3 tick 49
2026-03-19T02:26:01.379 [INFO ] TXN-20048 initiated: $433.58
2026-03-19T02:26:01.379 [DEBUG] TXN-20048 worker-2 tick 48
2026-03-19T02:26:01.379 [INFO ] TXN-46 initiated: $211.17
2026-03-19T02:26:01.379 [ERROR] TXN-46 declined: insufficient funds
2026-03-19T02:26:01.379 [DEBUG] TXN-46 worker-0 tick 46
2026-03-19T02:26:01.379 [INFO ] ATM-0 op=PIN_CHANGE card=****1015
2026-03-19T02:26:01.379 [INFO ] ATM-1 op=PIN_CHANGE card=****1022
2026-03-19T02:26:01.380 [INFO ] TXN-20049 initiated: $377.84
2026-03-19T02:26:01.380 [WARN ] TXN-20049 slow response from payment gateway, retrying
2026-03-19T02:26:01.380 [DEBUG] TXN-20049 worker-2 tick 49
2026-03-19T02:26:01.380 [INFO ] TXN-47 initiated: $129.79
2026-03-19T02:26:01.380 [DEBUG] TXN-47 worker-0 tick 47
2026-03-19T02:26:01.383 [INFO ] TXN-48 initiated: $316.11
2026-03-19T02:26:01.383 [DEBUG] TXN-48 worker-0 tick 48
2026-03-19T02:26:01.385 [INFO ] ATM-0 op=WITHDRAWAL card=****1016
2026-03-19T02:26:01.385 [INFO ] ATM-1 op=WITHDRAWAL card=****1023
2026-03-19T02:26:01.384 [INFO ] TXN-49 initiated: $364.35
2026-03-19T02:26:01.385 [WARN ] TXN-49 slow response from payment gateway, retrying
2026-03-19T02:26:01.385 [DEBUG] TXN-49 worker-0 tick 49
2026-03-19T02:26:01.390 [INFO ] ATM-1 op=BALANCE_CHECK card=****1024
2026-03-19T02:26:01.390 [INFO ] ATM-0 op=BALANCE_CHECK card=****1017
2026-03-19T02:26:01.396 [INFO ] ATM-1 op=DEPOSIT card=****1025
2026-03-19T02:26:01.396 [INFO ] ATM-0 op=DEPOSIT card=****1018
2026-03-19T02:26:01.402 [INFO ] ATM-0 op=PIN_CHANGE card=****1019
2026-03-19T02:26:01.402 [INFO ] ATM-1 op=PIN_CHANGE card=****1026
2026-03-19T02:26:01.407 [INFO ] ATM-1 op=WITHDRAWAL card=****1027
2026-03-19T02:26:01.407 [INFO ] ATM-0 op=WITHDRAWAL card=****1020
2026-03-19T02:26:01.413 [INFO ] ATM-0 op=BALANCE_CHECK card=****1021
2026-03-19T02:26:01.413 [INFO ] ATM-1 op=BALANCE_CHECK card=****1028
2026-03-19T02:26:01.419 [INFO ] ATM-1 op=DEPOSIT card=****1029
2026-03-19T02:26:01.419 [INFO ] ATM-0 op=DEPOSIT card=****1022
2026-03-19T02:26:01.424 [INFO ] ATM-0 op=PIN_CHANGE card=****1023
2026-03-19T02:26:01.424 [INFO ] ATM-1 op=PIN_CHANGE card=****1030
2026-03-19T02:26:01.430 [INFO ] ATM-1 op=WITHDRAWAL card=****1031
2026-03-19T02:26:01.430 [INFO ] ATM-0 op=WITHDRAWAL card=****1024
2026-03-19T02:26:01.435 [INFO ] ATM-0 op=BALANCE_CHECK card=****1025
2026-03-19T02:26:01.435 [INFO ] ATM-1 op=BALANCE_CHECK card=****1032
2026-03-19T02:26:01.441 [INFO ] ATM-0 op=DEPOSIT card=****1026
2026-03-19T02:26:01.441 [INFO ] ATM-1 op=DEPOSIT card=****1033
2026-03-19T02:26:01.447 [INFO ] ATM-1 op=PIN_CHANGE card=****1034
2026-03-19T02:26:01.447 [INFO ] ATM-0 op=PIN_CHANGE card=****1027
2026-03-19T02:26:01.452 [INFO ] ATM-0 op=WITHDRAWAL card=****1028
2026-03-19T02:26:01.452 [INFO ] ATM-1 op=WITHDRAWAL card=****1035
2026-03-19T02:26:01.458 [INFO ] ATM-1 op=BALANCE_CHECK card=****1036
2026-03-19T02:26:01.458 [INFO ] ATM-0 op=BALANCE_CHECK card=****1029
2026-03-19T02:26:01.467 [INFO ] === All workers done in 170 ms ===
2026-03-19T02:26:01.467 [INFO ] Completed transactions: 200
